Resolving dependencies...
Downloading packages...
  archive 3.6.1 (4.0.9 available)
  characters 1.4.0 (1.4.1 available)
  image 4.3.0 (4.8.0 available)
  matcher 0.12.17 (0.12.19 available)
  material_color_utilities 0.11.1 (0.13.0 available)
  meta 1.17.0 (1.18.2 available)
  test_api 0.7.7 (0.7.11 available)
  vector_math 2.2.0 (2.3.0 available)
Got dependencies!
8 packages have newer versions incompatible with dependency constraints.
Try `flutter pub outdated` for more information.
Analyzing qlsv...                                               

   info - 'Table.fromTextArray' is deprecated and shouldn't be used. Use TableHelper.fromTextArray() instead - lib\core\utils\export_utils.dart:30:17 - deprecated_member_use
warning - Unused import: '../../data/repositories/auth_repository.dart' - lib\features\auth\presentation\pages\login_page.dart:8:8 - unused_import
  error - The method 'exportPdfDummy' isn't defined for the type 'ExportUtils' - lib\features\profile\presentation\pages\profile_page.dart:28:35 - undefined_method
  error - The method 'exportExcelDummy' isn't defined for the type 'ExportUtils' - lib\features\profile\presentation\pages\profile_page.dart:36:35 - undefined_method

